Copyright 1986-2014 Xilinx, Inc. All Rights Reserved.
--------------------------------------------------------------------------------------------
| Tool Version : Vivado v.2014.4.1 (win64) Build 1149489 Thu Feb 19 16:23:09 MST 2015
| Date         : Mon Jun 13 19:24:50 2016
| Host         : BILLLINC3DA running 64-bit major release  (build 9200)
| Command      : report_clock_utilization -file top_flyinglogo_clock_utilization_placed.rpt
| Design       : top_flyinglogo
| Device       : xc7a35t
--------------------------------------------------------------------------------------------

Clock Utilization Report

Table of Contents
-----------------
1. Clock Primitive Utilization
2. Details of Global Clocks
3. Details of Regional Clocks
4. Details of Multi-Regional Clocks
5. Details of I/O Clocks
6. Details of Local Clocks
7. Clock Regions : Key Resource Utilization
8. Net wise resources used in clock region X0Y0
9. Net wise resources used in clock region X1Y0
10. Net wise resources used in clock region X0Y1
11. Net wise resources used in clock region X1Y1

1. Clock Primitive Utilization
------------------------------

+-------+------+-----------+-----------+
| Type  | Used | Available | Num Fixed |
+-------+------+-----------+-----------+
| BUFG  |    5 |        32 |         0 |
| BUFH  |    0 |        72 |         0 |
| BUFIO |    0 |        20 |         0 |
| MMCM  |    1 |         5 |         0 |
| PLL   |    0 |         5 |         0 |
| BUFR  |    0 |        20 |         0 |
| BUFMR |    0 |        10 |         0 |
+-------+------+-----------+-----------+


2. Details of Global Clocks
---------------------------

+-------+---------------------+------------------------------+--------------+-------+---------------+-----------+
|       |                     |                              |   Num Loads  |       |               |           |
+-------+---------------------+------------------------------+------+-------+-------+---------------+-----------+
| Index | BUFG Cell           | Net Name                     | BELs | Sites | Fixed | MaxDelay (ns) | Skew (ns) |
+-------+---------------------+------------------------------+------+-------+-------+---------------+-----------+
|     1 | u0/inst/clkf_buf    | u0/inst/clkfbout_buf_dcm_25m |    1 |     1 |    no |         1.636 |     0.082 |
|     2 | line2_BUFG_inst     | line2_BUFG                   |   46 |    17 |    no |         1.730 |     0.158 |
|     3 | u0/inst/clkout2_buf | u0/inst/clk_out2             |   68 |   103 |    no |         1.755 |     0.263 |
|     4 | u0/inst/clkout1_buf | u0/inst/clk_out1             |   74 |    25 |    no |         1.730 |     0.161 |
|     5 | clk_BUFG_inst       | clk_BUFG                     |  193 |    64 |    no |         1.779 |     0.227 |
+-------+---------------------+------------------------------+------+-------+-------+---------------+-----------+


+-------+-----------------------+--------------------------+--------------+-------+---------------+-----------+
|       |                       |                          |   Num Loads  |       |               |           |
+-------+-----------------------+--------------------------+------+-------+-------+---------------+-----------+
| Index | MMCM Cell             | Net Name                 | BELs | Sites | Fixed | MaxDelay (ns) | Skew (ns) |
+-------+-----------------------+--------------------------+------+-------+-------+---------------+-----------+
|     1 | u0/inst/mmcm_adv_inst | u0/inst/clk_out1_dcm_25m |    1 |     1 |    no |         1.661 |     0.083 |
|     2 | u0/inst/mmcm_adv_inst | u0/inst/clk_out2_dcm_25m |    1 |     1 |    no |         1.661 |     0.083 |
|     3 | u0/inst/mmcm_adv_inst | u0/inst/clkfbout_dcm_25m |    1 |     1 |    no |         1.661 |     0.083 |
+-------+-----------------------+--------------------------+------+-------+-------+---------------+-----------+


3. Details of Regional Clocks
-----------------------------

4. Details of Multi-Regional Clocks
-----------------------------------

5. Details of I/O Clocks
------------------------

6. Details of Local Clocks
--------------------------

7. Clock Regions : Key Resource Utilization
-------------------------------------------

+-------------------+--------------+--------------+--------------+--------------+--------------+--------------+--------------+--------------+--------------+--------------+--------------+--------------+--------------+--------------+--------------+
|                   | Global Clock |     BUFRs    |    BUFMRs    |    BUFIOs    |     MMCM     |      PLL     |      GT      |      PCI     |    ILOGIC    |    OLOGIC    |      FF      |     LUTM     |    RAMB18    |    RAMB36    |    DSP48E1   |
+-------------------+------+-------+------+-------+------+-------+------+-------+------+-------+------+-------+------+-------+------+-------+------+-------+------+-------+------+-------+------+-------+------+-------+------+-------+------+-------+
| Clock Region Name | Used | Avail | Used | Avail | Used | Avail | Used | Avail | Used | Avail | Used | Avail | Used | Avail | Used | Avail | Used | Avail | Used | Avail | Used | Avail | Used | Avail | Used | Avail | Used | Avail | Used | Avail |
+-------------------+------+-------+------+-------+------+-------+------+-------+------+-------+------+-------+------+-------+------+-------+------+-------+------+-------+------+-------+------+-------+------+-------+------+-------+------+-------+
| X0Y0              |    1 |    12 |    0 |     4 |    0 |     2 |    0 |     4 |    0 |     1 |    0 |     1 |    0 |     0 |    0 |     0 |    0 |    50 |    0 |    50 |    4 |  9600 |    0 |  1600 |    0 |    20 |    8 |    10 |    0 |    20 |
| X1Y0              |    4 |    12 |    0 |     4 |    0 |     2 |    0 |     4 |    1 |     1 |    0 |     1 |    0 |     0 |    0 |     0 |    0 |    50 |    0 |    50 |  186 | 12000 |    0 |  1800 |    0 |    40 |   18 |    20 |    2 |    20 |
| X0Y1              |    1 |    12 |    0 |     4 |    0 |     2 |    0 |     4 |    0 |     1 |    0 |     1 |    0 |     0 |    0 |     0 |    0 |    50 |    0 |    50 |    8 |  9600 |    0 |  1600 |    0 |    20 |    9 |    10 |    0 |    20 |
| X1Y1              |    3 |    12 |    0 |     4 |    0 |     2 |    0 |     4 |    0 |     1 |    0 |     1 |    0 |     0 |    0 |     0 |    0 |    50 |    0 |    50 |  136 | 12000 |    0 |  1800 |    1 |    40 |   10 |    20 |    2 |    20 |
| X0Y2              |    0 |    12 |    0 |     4 |    0 |     2 |    0 |     4 |    0 |     1 |    0 |     1 |    0 |     0 |    0 |     0 |    0 |    50 |    0 |    50 |    0 | 14400 |    0 |  1600 |    0 |    20 |    0 |    10 |    0 |    20 |
| X1Y2              |    0 |    12 |    0 |     0 |    0 |     0 |    0 |     0 |    0 |     0 |    0 |     0 |    0 |     5 |    0 |     1 |    0 |     0 |    0 |     0 |    0 |  7600 |    0 |  1200 |    0 |    10 |    0 |     5 |    0 |    20 |
+-------------------+------+-------+------+-------+------+-------+------+-------+------+-------+------+-------+------+-------+------+-------+------+-------+------+-------+------+-------+------+-------+------+-------+------+-------+------+-------+
* RAMB36 site can be used as two RAMB18/FIFO18 sites


8. Net wise resources used in clock region X0Y0
-----------------------------------------------

+-------------+-------------+-------+-----------+----------+---------+-----------+---------+---------+-----+-------+----------+------------------+
| Source Type | BUFHCE Site | Fixed | MMCM Pins | PLL Pins | GT Pins | BRAM Pins | ILOGICs | OLOGICs | FFs | LUTMs | DSP48E1s |  Clock Net Name  |
+-------------+-------------+-------+-----------+----------+---------+-----------+---------+---------+-----+-------+----------+------------------+
| BUFG        |     ---     |   no  |         0 |        0 |       0 |        16 |       0 |       0 |   4 |     0 |        0 | u0/inst/clk_out2 |
+-------------+-------------+-------+-----------+----------+---------+-----------+---------+---------+-----+-------+----------+------------------+


9. Net wise resources used in clock region X1Y0
-----------------------------------------------

+-------------+-------------+-------+-----------+----------+---------+-----------+---------+---------+-----+-------+----------+------------------------------+
| Source Type | BUFHCE Site | Fixed | MMCM Pins | PLL Pins | GT Pins | BRAM Pins | ILOGICs | OLOGICs | FFs | LUTMs | DSP48E1s |        Clock Net Name        |
+-------------+-------------+-------+-----------+----------+---------+-----------+---------+---------+-----+-------+----------+------------------------------+
| BUFG        |     ---     |   no  |         1 |        0 |       0 |         0 |       0 |       0 |   0 |     0 |        0 | u0/inst/clkfbout_buf_dcm_25m |
| BUFG        |     ---     |   no  |         0 |        0 |       0 |        36 |       0 |       0 |   6 |     0 |        0 | u0/inst/clk_out2             |
| BUFG        |     ---     |   no  |         0 |        0 |       0 |         0 |       0 |       0 |  52 |     0 |        0 | u0/inst/clk_out1             |
| BUFG        |     ---     |   no  |         1 |        0 |       0 |         0 |       0 |       0 | 102 |     0 |        0 | clk_BUFG                     |
+-------------+-------------+-------+-----------+----------+---------+-----------+---------+---------+-----+-------+----------+------------------------------+


10. Net wise resources used in clock region X0Y1
------------------------------------------------

+-------------+-------------+-------+-----------+----------+---------+-----------+---------+---------+-----+-------+----------+------------------+
| Source Type | BUFHCE Site | Fixed | MMCM Pins | PLL Pins | GT Pins | BRAM Pins | ILOGICs | OLOGICs | FFs | LUTMs | DSP48E1s |  Clock Net Name  |
+-------------+-------------+-------+-----------+----------+---------+-----------+---------+---------+-----+-------+----------+------------------+
| BUFG        |     ---     |   no  |         0 |        0 |       0 |        18 |       0 |       0 |   8 |     0 |        0 | u0/inst/clk_out2 |
+-------------+-------------+-------+-----------+----------+---------+-----------+---------+---------+-----+-------+----------+------------------+


11. Net wise resources used in clock region X1Y1
------------------------------------------------

+-------------+-------------+-------+-----------+----------+---------+-----------+---------+---------+-----+-------+----------+------------------+
| Source Type | BUFHCE Site | Fixed | MMCM Pins | PLL Pins | GT Pins | BRAM Pins | ILOGICs | OLOGICs | FFs | LUTMs | DSP48E1s |  Clock Net Name  |
+-------------+-------------+-------+-----------+----------+---------+-----------+---------+---------+-----+-------+----------+------------------+
| BUFG        |     ---     |   no  |         0 |        0 |       0 |        22 |       0 |       0 |   4 |     0 |        0 | u0/inst/clk_out2 |
| BUFG        |     ---     |   no  |         0 |        0 |       0 |         0 |       0 |       0 |  22 |     0 |        0 | u0/inst/clk_out1 |
| BUFG        |     ---     |   no  |         0 |        0 |       0 |         0 |       0 |       0 |  90 |     0 |        0 | clk_BUFG         |
+-------------+-------------+-------+-----------+----------+---------+-----------+---------+---------+-----+-------+----------+------------------+



# Location of BUFG Primitives 
set_property LOC BUFGCTRL_X0Y0 [get_cells clk_BUFG_inst]
set_property LOC BUFGCTRL_X0Y3 [get_cells line2_BUFG_inst]
set_property LOC BUFGCTRL_X0Y1 [get_cells u0/inst/clkout1_buf]
set_property LOC BUFGCTRL_X0Y2 [get_cells u0/inst/clkout2_buf]
set_property LOC BUFGCTRL_X0Y4 [get_cells u0/inst/clkf_buf]

# Location of IO Clock Primitives

# Location of MMCM Clock Primitives
set_property LOC MMCME2_ADV_X1Y0 [get_cells u0/inst/mmcm_adv_inst]

# Location of BUFH Clock Primitives

# Location of BUFR Clock Primitives

# Location of BUFMR Clock Primitives

# Location of PLL Clock Primitives

# Location of IO Primitives which is load of clock spine

# Location of clock ports
set_property LOC IOB_X1Y26 [get_ports clk]

# Clock net "clk_BUFG" driven by instance "clk_BUFG_inst" located at site "BUFGCTRL_X0Y0"
#startgroup
create_pblock CLKAG_clk_BUFG
add_cells_to_pblock [get_pblocks  CLKAG_clk_BUFG] [get_cells  -filter { IS_PRIMITIVE==1 && PRIMITIVE_LEVEL !=INTERNAL && NAME!=u0/inst/mmcm_adv_inst} -of_object [get_pins -filter {DIRECTION==IN} -of_objects [get_nets -hierarchical -filter {PARENT=="clk_BUFG"}]]]
resize_pblock [get_pblocks CLKAG_clk_BUFG] -add {CLOCKREGION_X0Y0:CLOCKREGION_X0Y0 CLOCKREGION_X0Y1:CLOCKREGION_X0Y1 CLOCKREGION_X0Y2:CLOCKREGION_X0Y2 CLOCKREGION_X1Y0:CLOCKREGION_X1Y0 CLOCKREGION_X1Y1:CLOCKREGION_X1Y1 CLOCKREGION_X1Y2:CLOCKREGION_X1Y2}
#endgroup

# Clock net "line2_BUFG" driven by instance "line2_BUFG_inst" located at site "BUFGCTRL_X0Y3"
#startgroup
create_pblock CLKAG_line2_BUFG
add_cells_to_pblock [get_pblocks  CLKAG_line2_BUFG] [get_cells  -filter { IS_PRIMITIVE==1 && PRIMITIVE_LEVEL !=INTERNAL } -of_object [get_pins -filter {DIRECTION==IN} -of_objects [get_nets -hierarchical -filter {PARENT=="line2_BUFG"}]]]
resize_pblock [get_pblocks CLKAG_line2_BUFG] -add {CLOCKREGION_X0Y0:CLOCKREGION_X0Y0 CLOCKREGION_X0Y1:CLOCKREGION_X0Y1 CLOCKREGION_X0Y2:CLOCKREGION_X0Y2 CLOCKREGION_X1Y0:CLOCKREGION_X1Y0 CLOCKREGION_X1Y1:CLOCKREGION_X1Y1 CLOCKREGION_X1Y2:CLOCKREGION_X1Y2}
#endgroup

# Clock net "u0/inst/clk_out1" driven by instance "u0/inst/clkout1_buf" located at site "BUFGCTRL_X0Y1"
#startgroup
create_pblock CLKAG_u0/inst/clk_out1
add_cells_to_pblock [get_pblocks  CLKAG_u0/inst/clk_out1] [get_cells  -filter { IS_PRIMITIVE==1 && PRIMITIVE_LEVEL !=INTERNAL } -of_object [get_pins -filter {DIRECTION==IN} -of_objects [get_nets -hierarchical -filter {PARENT=="u0/inst/clk_out1"}]]]
resize_pblock [get_pblocks CLKAG_u0/inst/clk_out1] -add {CLOCKREGION_X0Y0:CLOCKREGION_X0Y0 CLOCKREGION_X0Y1:CLOCKREGION_X0Y1 CLOCKREGION_X0Y2:CLOCKREGION_X0Y2 CLOCKREGION_X1Y0:CLOCKREGION_X1Y0 CLOCKREGION_X1Y1:CLOCKREGION_X1Y1 CLOCKREGION_X1Y2:CLOCKREGION_X1Y2}
#endgroup

# Clock net "u0/inst/clk_out2" driven by instance "u0/inst/clkout2_buf" located at site "BUFGCTRL_X0Y2"
#startgroup
create_pblock CLKAG_u0/inst/clk_out2
add_cells_to_pblock [get_pblocks  CLKAG_u0/inst/clk_out2] [get_cells  -filter { IS_PRIMITIVE==1 && PRIMITIVE_LEVEL !=INTERNAL } -of_object [get_pins -filter {DIRECTION==IN} -of_objects [get_nets -hierarchical -filter {PARENT=="u0/inst/clk_out2"}]]]
resize_pblock [get_pblocks CLKAG_u0/inst/clk_out2] -add {CLOCKREGION_X0Y0:CLOCKREGION_X0Y0 CLOCKREGION_X0Y1:CLOCKREGION_X0Y1 CLOCKREGION_X0Y2:CLOCKREGION_X0Y2 CLOCKREGION_X1Y0:CLOCKREGION_X1Y0 CLOCKREGION_X1Y1:CLOCKREGION_X1Y1 CLOCKREGION_X1Y2:CLOCKREGION_X1Y2}
#endgroup
